gdb a.out
GNU gdb (Ubuntu 8.1.1-0ubuntu1) 8.1.1
Copyright (C) 2018 Free Software Foundation, Inc.
License GPLv3+: GNU GPL version 3 or later <http://gnu.org/licenses/gpl.html>
This is free software: you are free to change and redistribute it.
There is NO WARRANTY, to the extent permitted by law.  Type "show copying"
and "show warranty" for details.
This GDB was configured as "x86_64-linux-gnu".
Type "show configuration" for configuration details.
For bug reporting instructions, please see:
<http://www.gnu.org/software/gdb/bugs/>.
Find the GDB manual and other documentation resources online at:
<http://www.gnu.org/software/gdb/documentation/>.
For help, type "help".
Type "apropos word" to search for commands related to "word"...
Reading symbols from a.out...done.
(gdb) b main
Breakpoint 1 at 0x876: file p5original.c, line 27.
(gdb) r
Starting program: /home/runner/pps-IA1-practice-4/a.out 
warning: Error disabling address space randomization: Operation not permitted
Breakpoint 1, main () at p5original.c:27
27    float n=input(); 
(gdb) s
input () at p5original.c:4
4   { 
(gdb) n
6      printf(" Enter the number:\n"); 
(gdb) n
 Enter the number:
7      scanf("%f",&n); 
 gcc -g p1original.c
 gcc -g p5original.c
 ./a.out
 Enter the number:
4
Square root of 4.000000 is 2.000000
 gdb a.out
GNU gdb (Ubuntu 8.1.1-0ubuntu1) 8.1.1
Copyright (C) 2018 Free Software Foundation, Inc.
License GPLv3+: GNU GPL version 3 or later <http://gnu.org/licenses/gpl.html>
This is free software: you are free to change and redistribute it.
There is NO WARRANTY, to the extent permitted by law.  Type "show copying"
and "show warranty" for details.
This GDB was configured as "x86_64-linux-gnu".
Type "show configuration" for configuration details.
For bug reporting instructions, please see:
<http://www.gnu.org/software/gdb/bugs/>.
Find the GDB manual and other documentation resources online at:
<http://www.gnu.org/software/gdb/documentation/>.
For help, type "help".
Type "apropos word" to search for commands related to "word"...
Reading symbols from a.out...done.
(gdb) b main
Breakpoint 1 at 0x876: file p5original.c, line 27.
(gdb) r
Starting program: /home/runner/pps-IA1-practice-4/a.out 
warning: Error disabling address space randomization: Operation not permitted

Breakpoint 1, main () at p5original.c:27
27    float n=input(); 
(gdb) s
input () at p5original.c:4
4   { 
(gdb) n
6      printf(" Enter the number:\n"); 
(gdb) n
 Enter the number:
7      scanf("%f",&n); 
(gdb) n
4
8      return n; 
(gdb) p n
$1 = 4
(gdb) n
9   } 
(gdb) n
main () at p5original.c:28
28    float r=my_sqrt(n); 
(gdb) s
my_sqrt (n=4) at p5original.c:12
12    float s=n/2; 
(gdb) n
13    float t=0; 
(gdb) n
14     while(fabs(s-t) > 0.000001)
(gdb) n
16       t=s; 
(gdb) n
17       s=(n/t + t)/2;
(gdb) n
14     while(fabs(s-t) > 0.000001)
(gdb) p s
$2 = 2
(gdb) p t
$3 = 2
(gdb) n
19    return s; 
(gdb) n
20  } 
(gdb) n
main () at p5original.c:29
29    output(n,r); 
(gdb) s
output (n=4, result=2) at p5original.c:23
23    printf("Square root of %f is %f\n",n,result); 
(gdb) n
Square root of 4.000000 is 2.000000
24  } 
(gdb) n
main () at p5original.c:30
30    return 0; 
(gdb) n
31  }(gdb) c
Continuing.
[Inferior 1 (process 118) exited normally]
(gdb) q